

================================================================
== Synthesis Summary Report of 'conv2d_accel'
================================================================
+ General Information: 
    * Date:           Mon Feb 16 09:42:11 2026
    * Version:        2023.2 (Build 4023990 on Oct 11 2023)
    * Project:        cnn_conv_hls
    * Solution:       solution1 (Vivado IP Flow Target)
    * Product family: zynq
    * Target device:  xc7z020-clg484-1
    

+ Performance & Resource Estimates: 
    
    PS: '+' for module; 'o' for loop; '*' for dataflow
    +------------------------------------+------+------+---------+-----------+----------+---------+------+----------+---------+--------+-------------+-------------+-----+
    |               Modules              | Issue|      | Latency |  Latency  | Iteration|         | Trip |          |         |        |             |             |     |
    |               & Loops              | Type | Slack| (cycles)|    (ns)   |  Latency | Interval| Count| Pipelined|  BRAM   |   DSP  |      FF     |     LUT     | URAM|
    +------------------------------------+------+------+---------+-----------+----------+---------+------+----------+---------+--------+-------------+-------------+-----+
    |+ conv2d_accel                      |     -|  0.00|     8130|  8.130e+04|         -|     8131|     -|        no|  20 (7%)|  9 (4%)|  10704 (10%)|  10724 (20%)|    -|
    | o VITIS_LOOP_18_1_VITIS_LOOP_19_2  |    II|  7.30|     8119|  8.119e+04|        29|        9|   900|       yes|        -|       -|            -|            -|    -|
    +------------------------------------+------+------+---------+-----------+----------+---------+------+----------+---------+--------+-------------+-------------+-----+


================================================================
== HW Interfaces
================================================================
* M_AXI
+----------------+------------+---------------+---------+--------+----------+-----------+--------------+--------------+-------------+-------------+-------------------+
| Interface      | Data Width | Address Width | Latency | Offset | Register | Max Widen | Max Read     | Max Write    | Num Read    | Num Write   | Resource Estimate |
|                | (SW->HW)   |               |         |        |          | Bitwidth  | Burst Length | Burst Length | Outstanding | Outstanding |                   |
+----------------+------------+---------------+---------+--------+----------+-----------+--------------+--------------+-------------+-------------+-------------------+
| m_axi_gmem     | 16 -> 16   | 64            | 0       | slave  | 0        | 0         | 16           | 16           | 16          | 16          | BRAM=2            |
| m_axi_gmem_0_0 | 16 -> 16   | 64            | 0       | slave  | 0        | 0         | 16           | 16           | 16          | 16          | BRAM=2            |
| m_axi_gmem_0_1 | 16 -> 16   | 64            | 0       | slave  | 0        | 0         | 16           | 16           | 16          | 16          | BRAM=2            |
| m_axi_gmem_0_2 | 16 -> 16   | 64            | 0       | slave  | 0        | 0         | 16           | 16           | 16          | 16          | BRAM=2            |
| m_axi_gmem_1_0 | 16 -> 16   | 64            | 0       | slave  | 0        | 0         | 16           | 16           | 16          | 16          | BRAM=2            |
| m_axi_gmem_1_1 | 16 -> 16   | 64            | 0       | slave  | 0        | 0         | 16           | 16           | 16          | 16          | BRAM=2            |
| m_axi_gmem_1_2 | 16 -> 16   | 64            | 0       | slave  | 0        | 0         | 16           | 16           | 16          | 16          | BRAM=2            |
| m_axi_gmem_2_0 | 16 -> 16   | 64            | 0       | slave  | 0        | 0         | 16           | 16           | 16          | 16          | BRAM=2            |
| m_axi_gmem_2_1 | 16 -> 16   | 64            | 0       | slave  | 0        | 0         | 16           | 16           | 16          | 16          | BRAM=2            |
| m_axi_gmem_2_2 | 16 -> 16   | 64            | 0       | slave  | 0        | 0         | 16           | 16           | 16          | 16          | BRAM=2            |
+----------------+------------+---------------+---------+--------+----------+-----------+--------------+--------------+-------------+-------------+-------------------+

* S_AXILITE Interfaces
+-----------------+------------+---------------+--------+----------+
| Interface       | Data Width | Address Width | Offset | Register |
+-----------------+------------+---------------+--------+----------+
| s_axi_control   | 32         | 4             |        |          |
| s_axi_control_r | 32         | 8             | 16     | 0        |
+-----------------+------------+---------------+--------+----------+

* S_AXILITE Registers
+-----------------+--------------+--------+-------+--------+----------------------------------+----------------------------------------------------------------------+
| Interface       | Register     | Offset | Width | Access | Description                      | Bit Fields                                                           |
+-----------------+--------------+--------+-------+--------+----------------------------------+----------------------------------------------------------------------+
| s_axi_control   | CTRL         | 0x00   | 32    | RW     | Control signals                  | 0=AP_START 1=AP_DONE 2=AP_IDLE 3=AP_READY 7=AUTO_RESTART 9=INTERRUPT |
| s_axi_control   | GIER         | 0x04   | 32    | RW     | Global Interrupt Enable Register | 0=Enable                                                             |
| s_axi_control   | IP_IER       | 0x08   | 32    | RW     | IP Interrupt Enable Register     | 0=CHAN0_INT_EN 1=CHAN1_INT_EN                                        |
| s_axi_control   | IP_ISR       | 0x0c   | 32    | RW     | IP Interrupt Status Register     | 0=CHAN0_INT_ST 1=CHAN1_INT_ST                                        |
| s_axi_control_r | input_r_1    | 0x10   | 32    | W      | Data signal of input_r           |                                                                      |
| s_axi_control_r | input_r_2    | 0x14   | 32    | W      | Data signal of input_r           |                                                                      |
| s_axi_control_r | kernel_0_0_1 | 0x1c   | 32    | W      | Data signal of kernel_0_0        |                                                                      |
| s_axi_control_r | kernel_0_0_2 | 0x20   | 32    | W      | Data signal of kernel_0_0        |                                                                      |
| s_axi_control_r | kernel_0_1_1 | 0x28   | 32    | W      | Data signal of kernel_0_1        |                                                                      |
| s_axi_control_r | kernel_0_1_2 | 0x2c   | 32    | W      | Data signal of kernel_0_1        |                                                                      |
| s_axi_control_r | kernel_0_2_1 | 0x34   | 32    | W      | Data signal of kernel_0_2        |                                                                      |
| s_axi_control_r | kernel_0_2_2 | 0x38   | 32    | W      | Data signal of kernel_0_2        |                                                                      |
| s_axi_control_r | kernel_1_0_1 | 0x40   | 32    | W      | Data signal of kernel_1_0        |                                                                      |
| s_axi_control_r | kernel_1_0_2 | 0x44   | 32    | W      | Data signal of kernel_1_0        |                                                                      |
| s_axi_control_r | kernel_1_1_1 | 0x4c   | 32    | W      | Data signal of kernel_1_1        |                                                                      |
| s_axi_control_r | kernel_1_1_2 | 0x50   | 32    | W      | Data signal of kernel_1_1        |                                                                      |
| s_axi_control_r | kernel_1_2_1 | 0x58   | 32    | W      | Data signal of kernel_1_2        |                                                                      |
| s_axi_control_r | kernel_1_2_2 | 0x5c   | 32    | W      | Data signal of kernel_1_2        |                                                                      |
| s_axi_control_r | kernel_2_0_1 | 0x64   | 32    | W      | Data signal of kernel_2_0        |                                                                      |
| s_axi_control_r | kernel_2_0_2 | 0x68   | 32    | W      | Data signal of kernel_2_0        |                                                                      |
| s_axi_control_r | kernel_2_1_1 | 0x70   | 32    | W      | Data signal of kernel_2_1        |                                                                      |
| s_axi_control_r | kernel_2_1_2 | 0x74   | 32    | W      | Data signal of kernel_2_1        |                                                                      |
| s_axi_control_r | kernel_2_2_1 | 0x7c   | 32    | W      | Data signal of kernel_2_2        |                                                                      |
| s_axi_control_r | kernel_2_2_2 | 0x80   | 32    | W      | Data signal of kernel_2_2        |                                                                      |
| s_axi_control_r | output_r_1   | 0x88   | 32    | W      | Data signal of output_r          |                                                                      |
| s_axi_control_r | output_r_2   | 0x8c   | 32    | W      | Data signal of output_r          |                                                                      |
+-----------------+--------------+--------+-------+--------+----------------------------------+----------------------------------------------------------------------+

* TOP LEVEL CONTROL
+-----------+------------+-----------+
| Interface | Type       | Ports     |
+-----------+------------+-----------+
| ap_clk    | clock      | ap_clk    |
| ap_rst_n  | reset      | ap_rst_n  |
| interrupt | interrupt  | interrupt |
| ap_ctrl   | ap_ctrl_hs |           |
+-----------+------------+-----------+


================================================================
== SW I/O Information
================================================================
* Top Function Arguments
+----------+-----------+--------------------------------------+
| Argument | Direction | Datatype                             |
+----------+-----------+--------------------------------------+
| input    | inout     | ap_fixed<16, 8, AP_TRN, AP_WRAP, 0>* |
| kernel   | in        | ap_fixed<16, 8, AP_TRN, AP_WRAP, 0>* |
| output   | inout     | ap_fixed<16, 8, AP_TRN, AP_WRAP, 0>* |
+----------+-----------+--------------------------------------+

* SW-to-HW Mapping
+----------+-----------------+-----------+----------+
| Argument | HW Interface    | HW Type   | HW Usage |
+----------+-----------------+-----------+----------+
| input    | m_axi_gmem      | interface |          |
| input    | s_axi_control_r | interface | offset   |
| kernel   | m_axi_gmem_0_0  | interface |          |
| kernel   | s_axi_control_r | interface | offset   |
| kernel   | m_axi_gmem_0_1  | interface |          |
| kernel   | s_axi_control_r | interface | offset   |
| kernel   | m_axi_gmem_0_2  | interface |          |
| kernel   | s_axi_control_r | interface | offset   |
| kernel   | m_axi_gmem_1_0  | interface |          |
| kernel   | s_axi_control_r | interface | offset   |
| kernel   | m_axi_gmem_1_1  | interface |          |
| kernel   | s_axi_control_r | interface | offset   |
| kernel   | m_axi_gmem_1_2  | interface |          |
| kernel   | s_axi_control_r | interface | offset   |
| kernel   | m_axi_gmem_2_0  | interface |          |
| kernel   | s_axi_control_r | interface | offset   |
| kernel   | m_axi_gmem_2_1  | interface |          |
| kernel   | s_axi_control_r | interface | offset   |
| kernel   | m_axi_gmem_2_2  | interface |          |
| kernel   | s_axi_control_r | interface | offset   |
| output   | m_axi_gmem      | interface |          |
| output   | s_axi_control_r | interface | offset   |
+----------+-----------------+-----------+----------+


================================================================
== M_AXI Burst Information
================================================================
 Note: All burst requests might be further partitioned into multiple requests during RTL generation based on max_read_burst_length or max_write_burst_length settings.

* Inferred Burst Summary
+--------------+-----------+--------+-------+-----------------+------------------------+
| HW Interface | Direction | Length | Width | Loop            | Loop Location          |
+--------------+-----------+--------+-------+-----------------+------------------------+
| m_axi_gmem   | write     | 900    | 16    | VITIS_LOOP_18_1 | conv2d_accel.cpp:18:19 |
| m_axi_gmem   | read      | 3      | 16    |                 |                        |
+--------------+-----------+--------+-------+-----------------+------------------------+

* All M_AXI Variable Accesses
+--------------+----------+------------------------+-----------+--------------+--------+-----------------+------------------------+------------+-------------------------------------------------------------------------------------------------------+
| HW Interface | Variable | Access Location        | Direction | Burst Status | Length | Loop            | Loop Location          | Resolution | Problem                                                                                               |
+--------------+----------+------------------------+-----------+--------------+--------+-----------------+------------------------+------------+-------------------------------------------------------------------------------------------------------+
| m_axi_gmem   | input    | conv2d_accel.cpp:29:31 | read      | Widen Fail   |        |                 |                        | 214-353    | Could not widen since type i16 size is greater than or equal to the max_widen_bitwidth threshold of 0 |
| m_axi_gmem   | input    | conv2d_accel.cpp:29:31 | read      | Inferred     | 3      | VITIS_LOOP_19_2 | conv2d_accel.cpp:19:26 |            |                                                                                                       |
| m_axi_gmem   | output   | conv2d_accel.cpp:33:26 | write     | Widen Fail   |        | VITIS_LOOP_19_2 | conv2d_accel.cpp:19:26 | 214-353    | Could not widen since type i16 size is greater than or equal to the max_widen_bitwidth threshold of 0 |
| m_axi_gmem   | output   | conv2d_accel.cpp:33:26 | write     | Inferred     | 900    | VITIS_LOOP_18_1 | conv2d_accel.cpp:18:19 |            |                                                                                                       |
+--------------+----------+------------------------+-----------+--------------+--------+-----------------+------------------------+------------+-------------------------------------------------------------------------------------------------------+

    * Resolution URL: docs.xilinx.com/access/sources/dita/topic?Doc_Version=2023.2%20English&url=ug1448-hls-guidance&resourceid=XXX-YYY.html (replace XXX-YYY with column value)

================================================================
== Bind Op Report
================================================================
+-------------------------------------+-----+--------+-------------+-----+-----------+---------+
| Name                                | DSP | Pragma | Variable    | Op  | Impl      | Latency |
+-------------------------------------+-----+--------+-------------+-----+-----------+---------+
| + conv2d_accel                      | 9   |        |             |     |           |         |
|   add_ln18_fu_701_p2                |     |        | add_ln18    | add | fabric    | 0       |
|   p_mid1_fu_775_p2                  |     |        | p_mid1      | add | fabric    | 0       |
|   empty_36_fu_727_p2                |     |        | empty_36    | add | fabric    | 0       |
|   add_ln29_2_fu_850_p2              |     |        | add_ln29_2  | add | fabric    | 0       |
|   add_ln29_3_fu_855_p2              |     |        | add_ln29_3  | add | fabric    | 0       |
|   add_ln29_4_fu_861_p2              |     |        | add_ln29_4  | add | fabric    | 0       |
|   mul_16s_16s_24_1_1_U1             | 1   |        | mul_ln29    | mul | auto      | 0       |
|   add_ln29_5_fu_733_p2              |     |        | add_ln29_5  | add | fabric    | 0       |
|   mac_muladd_16s_16s_24ns_24_4_1_U2 | 1   |        | mul_ln29_1  | mul | dsp_slice | 3       |
|   mac_muladd_16s_16s_24ns_24_4_1_U2 | 1   |        | add_ln29_6  | add | dsp_slice | 3       |
|   mac_muladd_16s_16s_24ns_24_4_1_U3 | 1   |        | mul_ln29_2  | mul | dsp_slice | 3       |
|   mac_muladd_16s_16s_24ns_24_4_1_U3 | 1   |        | add_ln29_7  | add | dsp_slice | 3       |
|   mac_muladd_16s_16s_24ns_24_4_1_U4 | 1   |        | mul_ln29_3  | mul | dsp_slice | 3       |
|   mac_muladd_16s_16s_24ns_24_4_1_U4 | 1   |        | add_ln29_8  | add | dsp_slice | 3       |
|   mac_muladd_16s_16s_24ns_24_4_1_U5 | 1   |        | mul_ln29_4  | mul | dsp_slice | 3       |
|   mac_muladd_16s_16s_24ns_24_4_1_U5 | 1   |        | add_ln29_9  | add | dsp_slice | 3       |
|   mac_muladd_16s_16s_24ns_24_4_1_U6 | 1   |        | mul_ln29_5  | mul | dsp_slice | 3       |
|   mac_muladd_16s_16s_24ns_24_4_1_U6 | 1   |        | add_ln29_10 | add | dsp_slice | 3       |
|   mac_muladd_16s_16s_24ns_24_4_1_U7 | 1   |        | mul_ln29_6  | mul | dsp_slice | 3       |
|   mac_muladd_16s_16s_24ns_24_4_1_U7 | 1   |        | add_ln29_11 | add | dsp_slice | 3       |
|   mac_muladd_16s_16s_24ns_24_4_1_U8 | 1   |        | mul_ln29_7  | mul | dsp_slice | 3       |
|   mac_muladd_16s_16s_24ns_24_4_1_U8 | 1   |        | add_ln29_12 | add | dsp_slice | 3       |
|   mac_muladd_16s_16s_24ns_24_4_1_U9 | 1   |        | mul_ln29_8  | mul | dsp_slice | 3       |
|   mac_muladd_16s_16s_24ns_24_4_1_U9 | 1   |        | add_ln29_13 | add | dsp_slice | 3       |
+-------------------------------------+-----+--------+-------------+-----+-----------+---------+


================================================================
== Storage Report
================================================================
+---------------------+-----------+-----------+------+------+--------+----------+------+---------+------------------+
| Name                | Usage     | Type      | BRAM | URAM | Pragma | Variable | Impl | Latency | Bitwidth, Depth, |
|                     |           |           |      |      |        |          |      |         | Banks            |
+---------------------+-----------+-----------+------+------+--------+----------+------+---------+------------------+
| + conv2d_accel      |           |           | 20   | 0    |        |          |      |         |                  |
|   control_s_axi_U   | interface | s_axilite |      |      |        |          |      |         |                  |
|   control_r_s_axi_U | interface | s_axilite |      |      |        |          |      |         |                  |
|   gmem_m_axi_U      | interface | m_axi     | 2    |      |        |          |      |         |                  |
|   gmem_0_0_m_axi_U  | interface | m_axi     | 2    |      |        |          |      |         |                  |
|   gmem_0_1_m_axi_U  | interface | m_axi     | 2    |      |        |          |      |         |                  |
|   gmem_0_2_m_axi_U  | interface | m_axi     | 2    |      |        |          |      |         |                  |
|   gmem_1_0_m_axi_U  | interface | m_axi     | 2    |      |        |          |      |         |                  |
|   gmem_1_1_m_axi_U  | interface | m_axi     | 2    |      |        |          |      |         |                  |
|   gmem_1_2_m_axi_U  | interface | m_axi     | 2    |      |        |          |      |         |                  |
|   gmem_2_0_m_axi_U  | interface | m_axi     | 2    |      |        |          |      |         |                  |
|   gmem_2_1_m_axi_U  | interface | m_axi     | 2    |      |        |          |      |         |                  |
|   gmem_2_2_m_axi_U  | interface | m_axi     | 2    |      |        |          |      |         |                  |
+---------------------+-----------+-----------+------+------+--------+----------+------+---------+------------------+


================================================================
== Pragma Report
================================================================
* Valid Pragma Syntax
+-----------------+--------------------------------------------+---------------------------------------------+
| Type            | Options                                    | Location                                    |
+-----------------+--------------------------------------------+---------------------------------------------+
| interface       | m_axi port=input offset=slave bundle=gmem  | conv2d_accel.cpp:11 in conv2d_accel, input  |
| interface       | m_axi port=kernel offset=slave bundle=gmem | conv2d_accel.cpp:12 in conv2d_accel, kernel |
| interface       | m_axi port=output offset=slave bundle=gmem | conv2d_accel.cpp:13 in conv2d_accel, output |
| interface       | s_axilite port=return bundle=control       | conv2d_accel.cpp:14 in conv2d_accel, return |
| array_partition | variable=kernel complete dim=0             | conv2d_accel.cpp:16 in conv2d_accel, kernel |
| pipeline        | II=1                                       | conv2d_accel.cpp:21 in conv2d_accel         |
| unroll          |                                            | conv2d_accel.cpp:26 in conv2d_accel         |
| unroll          |                                            | conv2d_accel.cpp:28 in conv2d_accel         |
+-----------------+--------------------------------------------+---------------------------------------------+


